
> mimu-app-2@0.1.0 build
> next build

▲ Next.js 16.2.3 (Turbopack)
- Environments: .env.local

⚠ The "middleware" file convention is deprecated. Please use "proxy" instead. Learn more: https://nextjs.org/docs/messages/middleware-to-proxy
  Creating an optimized production build ...
✓ Compiled successfully in 2.9s
  Running TypeScript ...
Failed to type check.

./src/app/login/page.tsx:91:54
Type error: Type '{ hidden: { opacity: number; y: number; }; visible: { opacity: number; y: number; transition: { duration: number; ease: string; }; }; }' is not assignable to type 'Variants'.
  Property 'visible' is incompatible with index signature.
    Type '{ opacity: number; y: number; transition: { duration: number; ease: string; }; }' is not assignable to type 'Variant'.
      Type '{ opacity: number; y: number; transition: { duration: number; ease: string; }; }' is not assignable to type 'TargetAndTransition'.
        Type '{ opacity: number; y: number; transition: { duration: number; ease: string; }; }' is not assignable to type '{ transition?: Transition<any> | undefined; transitionEnd?: ResolvedValues$1 | undefined; }'.
          Types of property 'transition' are incompatible.
            Type '{ duration: number; ease: string; }' is not assignable to type 'Transition<any> | undefined'.
              Type '{ duration: number; ease: string; }' is not assignable to type 'TransitionWithValueOverrides<any>'.
                Type '{ duration: number; ease: string; }' is not assignable to type 'ValueAnimationTransition<any>'.
                  Types of property 'ease' are incompatible.
                    Type 'string' is not assignable to type 'Easing | Easing[] | undefined'.

  [90m89 |[0m ...>
  [90m90 |[0m ...  {[90m/* Title */[0m}
[31m[1m>[0m [90m91 |[0m ...  <motion.div className=[32m"text-center mb-8"[0m variants={itemVariants}>
  [90m   |[0m                                               [31m[1m^[0m
  [90m92 |[0m ...    <h1 className=[32m"text-3xl md:text-4xl font-bold text-[#4F6D45] mb-3 font-display"[0m>
  [90m93 |[0m ...      [33mBem[0m-vindo de volta!
  [90m94 |[0m ...    </h1>
Next.js build worker exited with code: 1 and signal: null
